// Jest Snapshot v1, https://goo.gl/fbAQLP

exports[`StatBox matches the snapshots of StatBox component 1`] = `<styled.div />`;
